2025-12-13 16:56:55 INFO  com.project.EcomerceAppApplication Starting EcomerceAppApplication using Java 21.0.4 with PID 18656 (C:\Users\thummaluru.sandhya1\Downloads\Ecomerce App\Ecomerce-App\target\classes started by thummaluru.sandhya1 in C:\Users\thummaluru.sandhya1\Downloads\Ecomerce App\Ecomerce-App)
2025-12-13 16:56:55 DEBUG com.project.EcomerceAppApplication Running with Spring Boot v4.0.0, Spring v7.0.1
2025-12-13 16:56:55 INFO  com.project.EcomerceAppApplication No active profile set, falling back to 1 default profile: "default"
2025-12-13 16:56:56 INFO  o.s.d.r.c.RepositoryConfigurationDelegate Bootstrapping Spring Data JPA repositories in DEFAULT mode.
2025-12-13 16:56:56 INFO  o.s.d.r.c.RepositoryConfigurationDelegate Finished Spring Data repository scanning in 11 ms. Found 1 JPA repository interface.
2025-12-13 16:56:56 INFO  o.s.boot.tomcat.TomcatWebServer Tomcat initialized with port 8072 (http)
2025-12-13 16:56:56 INFO  o.a.catalina.core.StandardService Starting service [Tomcat]
2025-12-13 16:56:56 INFO  o.a.catalina.core.StandardEngine Starting Servlet engine: [Apache Tomcat/11.0.14]
2025-12-13 16:56:56 INFO  o.s.b.w.c.s.WebApplicationContextInitializer Root WebApplicationContext: initialization completed in 342 ms
2025-12-13 16:56:56 INFO  o.h.jpa.internal.util.LogHelper HHH000204: Processing PersistenceUnitInfo [name: default]
2025-12-13 16:56:56 INFO  o.s.o.j.p.SpringPersistenceUnitInfo No LoadTimeWeaver setup: ignoring JPA class transformer
2025-12-13 16:56:56 INFO  com.zaxxer.hikari.HikariDataSource HikariPool-2 - Starting...
2025-12-13 16:56:56 INFO  com.zaxxer.hikari.pool.HikariPool HikariPool-2 - Added connection com.mysql.cj.jdbc.ConnectionImpl@3336a4a1
2025-12-13 16:56:56 INFO  com.zaxxer.hikari.HikariDataSource HikariPool-2 - Start completed.
2025-12-13 16:56:56 INFO  o.hibernate.orm.connections.pooling HHH10001005: Database info:
	Database JDBC URL [jdbc:mysql://localhost:3306/springg]
	Database driver: MySQL Connector/J
	Database dialect: MySQLDialect
	Database version: 8.0.42
	Default catalog/schema: springg/undefined
	Autocommit mode: undefined/unknown
	Isolation level: REPEATABLE_READ [default REPEATABLE_READ]
	JDBC fetch size: none
	Pool: DatasourceConnectionProviderImpl
	Minimum pool size: undefined/unknown
	Maximum pool size: undefined/unknown
2025-12-13 16:56:56 INFO  o.h.e.t.j.p.i.JtaPlatformInitiator HHH000489: No JTA platform available (set 'hibernate.transaction.jta.platform' to enable JTA platform integration)
2025-12-13 16:56:56 INFO  o.s.o.j.LocalContainerEntityManagerFactoryBean Initialized JPA EntityManagerFactory for persistence unit 'default'
2025-12-13 16:56:56 WARN  o.s.b.j.a.JpaBaseConfiguration$JpaWebConfiguration spring.jpa.open-in-view is enabled by default. Therefore, database queries may be performed during view rendering. Explicitly configure spring.jpa.open-in-view to disable this warning
2025-12-13 16:56:56 INFO  o.s.b.a.e.web.EndpointLinksResolver Exposing 1 endpoint beneath base path '/actuator'
2025-12-13 16:56:56 INFO  o.s.boot.tomcat.TomcatWebServer Tomcat started on port 8072 (http) with context path '/'
2025-12-13 16:56:56 INFO  com.project.EcomerceAppApplication Started EcomerceAppApplication in 0.774 seconds (process running for 133.34)
2025-12-13 16:56:56 INFO  o.s.b.d.a.ConditionEvaluationDeltaLoggingListener Condition evaluation delta:


==========================
CONDITION EVALUATION DELTA
==========================


Positive matches:
-----------------

   LogFileWebEndpointAutoConfiguration#logFileWebEndpoint matched:
      - Log File found logging.file.name logs/itemlist.log (LogFileWebEndpointAutoConfiguration.LogFileCondition)
      - @ConditionalOnMissingBean (types: org.springframework.boot.actuate.logging.LogFileWebEndpoint; SearchStrategy: all) did not find any beans (OnBeanCondition)


Negative matches:
-----------------

    None


Exclusions:
-----------

    None


Unconditional classes:
----------------------

    None



2025-12-13 16:57:03 INFO  o.s.b.d.a.LocalDevToolsAutoConfiguration$RestartingClassPathChangeChangedEventListener Restarting due to 1 class path change (0 additions, 0 deletions, 1 modification)
2025-12-13 16:57:03 INFO  o.s.boot.tomcat.GracefulShutdown Commencing graceful shutdown. Waiting for active requests to complete
2025-12-13 16:57:03 INFO  o.s.boot.tomcat.GracefulShutdown Graceful shutdown complete
2025-12-13 16:57:03 INFO  o.s.o.j.LocalContainerEntityManagerFactoryBean Closing JPA EntityManagerFactory for persistence unit 'default'
2025-12-13 16:57:03 INFO  com.zaxxer.hikari.HikariDataSource HikariPool-2 - Shutdown initiated...
2025-12-13 16:57:03 INFO  com.zaxxer.hikari.HikariDataSource HikariPool-2 - Shutdown completed.
