2025-12-02T13:17:08,409  INFO  [LoggingFilter] filter initialized
2025-12-02T13:17:11,947  INFO  [LoggingFilter] filter destroyed
2025-12-02T13:17:15,440  INFO  [LoggingFilter] filter initialized
2025-12-02T13:17:16,116  INFO  [LoggingFilter] Incoming Request : GET/filters/from IP 0:0:0:0:0:0:0:1
2025-12-02T13:17:16,184  INFO  [LoggingFilter] Response sent for /filters/
2025-12-02T13:17:20,068  INFO  [LoggingFilter] Incoming Request : GET/filters/HelloServletfrom IP 0:0:0:0:0:0:0:1
2025-12-02T13:17:20,068  INFO  [HelloServlet] HelloServlet execution started
2025-12-02T13:17:20,068  INFO  [HelloServlet] HelloServlet execution completed
2025-12-02T13:17:20,069  INFO  [LoggingFilter] Response sent for /filters/HelloServlet
2025-12-02T14:27:22,044  INFO  [LoggingFilter] filter destroyed
2025-12-02T14:27:25,606  INFO  [LoggingFilter] filter initialized
2025-12-02T14:36:05,215  INFO  [LoggingFilter] filter destroyed
2025-12-02T14:36:10,109  INFO  [LoggingFilter] filter initialized
2025-12-02T15:11:48,726  INFO  [LoggingFilter] filter initialized
2025-12-02T16:56:06,713  INFO  [LoggingFilter] filter initialized
2025-12-02T17:19:28,748  INFO  [LoggingFilter] filter initialized
2025-12-02T17:33:30,155  INFO  [LoggingFilter] filter initialized
2025-12-03T09:27:45,222  INFO  [LoggingFilter] filter destroyed
2025-12-03T09:27:49,207  INFO  [LoggingFilter] filter initialized
2025-12-03T11:25:03,445  INFO  [LoggingFilter] filter initialized
2025-12-03T12:47:01,109  INFO  [LoggingFilter] filter destroyed
2025-12-03T12:47:02,266  INFO  [LoggingFilter] filter initialized
2025-12-03T12:47:24,020  INFO  [LoggingFilter] filter destroyed
2025-12-03T12:47:25,149  INFO  [LoggingFilter] filter initialized
2025-12-03T14:05:18,966  INFO  [LoggingFilter] filter initialized
2025-12-03T14:48:22,753  INFO  [LoggingFilter] filter destroyed
2025-12-03T14:48:27,840  INFO  [LoggingFilter] filter initialized
2025-12-03T14:51:55,824  INFO  [LoggingFilter] filter destroyed
2025-12-03T14:52:00,945  INFO  [LoggingFilter] filter initialized
2025-12-04T10:51:43,372  INFO  [LoggingFilter] filter initialized
2025-12-04T10:51:44,205  INFO  [LoggingFilter] filter destroyed
2025-12-04T10:52:17,682  INFO  [LoggingFilter] filter initialized
2025-12-04T10:53:39,205  INFO  [LoggingFilter] filter destroyed
2025-12-04T10:53:45,096  INFO  [LoggingFilter] filter initialized
2025-12-04T11:00:58,899  INFO  [LoggingFilter] filter destroyed
2025-12-04T11:01:04,835  INFO  [LoggingFilter] filter initialized
2025-12-04T11:41:12,768  INFO  [LoggingFilter] filter destroyed
2025-12-04T11:41:18,388  INFO  [LoggingFilter] filter initialized
2025-12-04T11:41:58,074  INFO  [LoggingFilter] filter destroyed
2025-12-04T11:42:03,733  INFO  [LoggingFilter] filter initialized
2025-12-04T11:48:05,365  INFO  [LoggingFilter] filter destroyed
2025-12-04T11:48:11,083  INFO  [LoggingFilter] filter initialized
2025-12-04T11:56:45,742  INFO  [LoggingFilter] filter destroyed
2025-12-04T11:56:51,371  INFO  [LoggingFilter] filter initialized
2025-12-04T11:58:52,730  INFO  [LoggingFilter] filter destroyed
2025-12-04T11:58:58,371  INFO  [LoggingFilter] filter initialized
2025-12-04T12:00:33,828  INFO  [LoggingFilter] filter destroyed
2025-12-04T12:00:39,602  INFO  [LoggingFilter] filter initialized
2025-12-04T12:02:52,522  INFO  [LoggingFilter] filter destroyed
2025-12-04T12:02:58,180  INFO  [LoggingFilter] filter initialized
2025-12-04T12:10:38,233  INFO  [LoggingFilter] filter destroyed
2025-12-04T12:10:43,853  INFO  [LoggingFilter] filter initialized
2025-12-04T12:46:11,461  INFO  [LoggingFilter] filter destroyed
2025-12-04T12:46:17,094  INFO  [LoggingFilter] filter initialized
2025-12-04T13:50:22,408  INFO  [LoggingFilter] filter destroyed
2025-12-04T13:50:28,138  INFO  [LoggingFilter] filter initialized
2025-12-04T13:52:47,703  INFO  [LoggingFilter] filter destroyed
2025-12-04T13:52:53,427  INFO  [LoggingFilter] filter initialized
2025-12-04T13:53:50,650  INFO  [LoggingFilter] filter destroyed
2025-12-04T13:53:56,369  INFO  [LoggingFilter] filter initialized
2025-12-04T13:56:14,810  INFO  [LoggingFilter] filter destroyed
2025-12-04T13:56:20,539  INFO  [LoggingFilter] filter initialized
2025-12-04T13:56:21,031  INFO  [LoggingFilter] filter destroyed
2025-12-04T13:57:44,347  INFO  [LoggingFilter] filter initialized
2025-12-04T14:00:38,060  INFO  [LoggingFilter] filter destroyed
2025-12-04T14:00:43,745  INFO  [LoggingFilter] filter initialized
2025-12-04T14:01:43,011  INFO  [LoggingFilter] filter destroyed
2025-12-04T14:01:47,917  INFO  [LoggingFilter] filter initialized
2025-12-04T14:01:48,407  INFO  [LoggingFilter] filter destroyed
2025-12-04T14:03:59,121  INFO  [LoggingFilter] filter initialized
2025-12-04T14:03:59,596  INFO  [LoggingFilter] filter destroyed
2025-12-04T14:04:45,630  INFO  [LoggingFilter] filter initialized
2025-12-04T14:10:31,451  INFO  [LoggingFilter] filter destroyed
2025-12-04T14:10:37,205  INFO  [LoggingFilter] filter initialized
2025-12-04T14:13:58,774  INFO  [LoggingFilter] filter destroyed
2025-12-04T14:14:04,403  INFO  [LoggingFilter] filter initialized
2025-12-04T14:21:03,932  INFO  [LoggingFilter] filter destroyed
2025-12-04T14:21:09,589  INFO  [LoggingFilter] filter initialized
2025-12-04T14:21:36,843  INFO  [LoggingFilter] filter destroyed
2025-12-04T14:21:42,618  INFO  [LoggingFilter] filter initialized
2025-12-04T14:23:42,148  INFO  [LoggingFilter] filter destroyed
2025-12-04T14:23:47,697  INFO  [LoggingFilter] filter initialized
2025-12-04T14:26:14,533  INFO  [LoggingFilter] filter destroyed
2025-12-04T14:26:20,294  INFO  [LoggingFilter] filter initialized
2025-12-04T14:27:51,500  INFO  [LoggingFilter] filter destroyed
2025-12-04T14:27:57,383  INFO  [LoggingFilter] filter initialized
2025-12-04T14:29:58,562  INFO  [LoggingFilter] filter destroyed
2025-12-04T14:30:04,226  INFO  [LoggingFilter] filter initialized
2025-12-04T14:38:22,338  INFO  [LoggingFilter] filter destroyed
2025-12-04T14:38:28,048  INFO  [LoggingFilter] filter initialized
2025-12-04T14:39:31,784  INFO  [LoggingFilter] filter destroyed
2025-12-04T14:39:37,519  INFO  [LoggingFilter] filter initialized
2025-12-04T15:34:34,345  INFO  [LoggingFilter] filter destroyed
2025-12-04T15:34:54,335  INFO  [LoggingFilter] filter initialized
2025-12-04T16:05:24,971  INFO  [LoggingFilter] filter destroyed
2025-12-04T16:05:45,025  INFO  [LoggingFilter] filter initialized
2025-12-04T16:09:46,900  INFO  [LoggingFilter] filter destroyed
2025-12-04T16:10:06,939  INFO  [LoggingFilter] filter initialized
2025-12-04T16:14:57,725  INFO  [LoggingFilter] filter destroyed
2025-12-04T16:15:18,180  INFO  [LoggingFilter] filter initialized
2025-12-05T09:46:36,545  INFO  [LoggingFilter] filter initialized
2025-12-05T10:01:26,676  INFO  [LoggingFilter] filter initialized
2025-12-05T10:05:24,224  INFO  [LoggingFilter] filter destroyed
2025-12-05T10:05:30,103  INFO  [LoggingFilter] filter initialized
2025-12-05T10:06:29,656  INFO  [LoggingFilter] filter destroyed
2025-12-05T10:06:35,505  INFO  [LoggingFilter] filter initialized
2025-12-05T10:09:09,123  INFO  [LoggingFilter] filter destroyed
2025-12-05T10:09:14,935  INFO  [LoggingFilter] filter initialized
2025-12-05T10:09:44,885  INFO  [LoggingFilter] filter destroyed
2025-12-05T10:09:50,753  INFO  [LoggingFilter] filter initialized
2025-12-05T10:10:54,244  INFO  [LoggingFilter] filter destroyed
2025-12-05T10:11:00,097  INFO  [LoggingFilter] filter initialized
2025-12-05T10:14:31,666  INFO  [LoggingFilter] filter destroyed
2025-12-05T10:14:37,689  INFO  [LoggingFilter] filter initialized
2025-12-05T10:15:15,963  INFO  [LoggingFilter] filter destroyed
2025-12-05T10:15:21,847  INFO  [LoggingFilter] filter initialized
2025-12-05T10:16:54,111  INFO  [LoggingFilter] filter initialized
2025-12-05T10:27:43,777  INFO  [LoggingFilter] filter destroyed
2025-12-05T10:28:03,925  INFO  [LoggingFilter] filter initialized
2025-12-05T10:30:05,466  INFO  [LoggingFilter] filter destroyed
2025-12-05T10:30:25,651  INFO  [LoggingFilter] filter initialized
2025-12-05T10:32:13,573  INFO  [LoggingFilter] filter destroyed
2025-12-05T10:32:32,286  INFO  [LoggingFilter] filter initialized
2025-12-05T10:35:00,914  INFO  [LoggingFilter] filter destroyed
2025-12-05T10:35:21,248  INFO  [LoggingFilter] filter initialized
2025-12-05T10:38:08,279  INFO  [LoggingFilter] filter initialized
2025-12-05T10:40:53,635  INFO  [LoggingFilter] filter destroyed
2025-12-05T10:41:12,825  INFO  [LoggingFilter] filter initialized
2025-12-05T10:44:12,542  INFO  [LoggingFilter] filter destroyed
2025-12-05T10:44:32,783  INFO  [LoggingFilter] filter initialized
2025-12-05T10:45:44,079  INFO  [LoggingFilter] filter destroyed
2025-12-05T10:46:03,488  INFO  [LoggingFilter] filter initialized
2025-12-05T10:51:06,118  INFO  [LoggingFilter] filter destroyed
2025-12-05T10:51:26,497  INFO  [LoggingFilter] filter initialized
2025-12-05T10:53:03,051  INFO  [LoggingFilter] filter destroyed
2025-12-05T10:53:23,546  INFO  [LoggingFilter] filter initialized
2025-12-05T10:58:31,754  INFO  [LoggingFilter] filter destroyed
2025-12-05T10:59:12,638  INFO  [LoggingFilter] filter initialized
2025-12-05T11:00:31,178  INFO  [LoggingFilter] filter destroyed
2025-12-05T11:00:37,032  INFO  [LoggingFilter] filter initialized
2025-12-05T11:02:03,727  INFO  [LoggingFilter] filter destroyed
2025-12-05T11:02:09,603  INFO  [LoggingFilter] filter initialized
2025-12-05T11:05:13,582  INFO  [LoggingFilter] filter destroyed
2025-12-05T11:05:19,433  INFO  [LoggingFilter] filter initialized
2025-12-05T11:07:10,416  INFO  [LoggingFilter] filter destroyed
2025-12-05T11:07:16,367  INFO  [LoggingFilter] filter initialized
2025-12-05T11:07:28,703  INFO  [LoggingFilter] filter destroyed
2025-12-05T11:07:34,686  INFO  [LoggingFilter] filter initialized
2025-12-05T11:07:43,626  INFO  [LoggingFilter] filter destroyed
2025-12-05T11:07:49,680  INFO  [LoggingFilter] filter initialized
2025-12-05T11:10:12,456  INFO  [LoggingFilter] filter destroyed
